+ echo 'Beginning trial 2 of 5'
Beginning trial 2 of 5
+ echo ':::DLPAL /mnt/data/mlperf_training_5.0/retinanet/nvdlfwea+mlperftv50+retinanet+20250331.pytorch.sqsh 117 1 node076 '\''unknown'\'' DGXH100_001x08x032'
:::DLPAL /mnt/data/mlperf_training_5.0/retinanet/nvdlfwea+mlperftv50+retinanet+20250331.pytorch.sqsh 117 1 node076 'unknown' DGXH100_001x08x032
++ srun --ntasks=1 --container-name=single_stage_detector_117 mlperf-sysjson.sh
+ echo ':::SYSJSON {"submitter":"Dell","division":"closed","status":"Available on-premise","system_name":"1xXE9680x8H200-SXM-141GB","number_of_nodes":"1","host_processors_per_node":"2","host_processor_model_name":"Intel(R) Xeon(R) Platinum 8470","host_processor_core_count":"52","host_processor_vcpu_count":"","host_processor_frequency":"","host_processor_caches":"","host_processor_interconnect":"","host_memory_capacity":"2.0 TB","host_storage_type":"","host_storage_capacity":"","host_networking":"","host_networking_topology":"","host_memory_configuration":"","accelerators_per_node":"8","accelerator_model_name":"Dell H200","accelerator_host_interconnect":"","accelerator_frequency":"","accelerator_on-chip_memories":"","accelerator_memory_configuration":"","accelerator_memory_capacity":"143771 MiB","accelerator_interconnect":"","accelerator_interconnect_topology":"","cooling":"","hw_notes":"","framework":"PyTorch Dell Release 24.09","framework_name":"","other_software_stack":{"cuda_version":"12.6.1.006","cuda_driver_version":"560.35.03","nccl_version":"2.22.3","cublas_version":"12.6.3.1002","cudnn_version":"9.4.0.58","trt_version":"10.4.0.26","dali_version":"1.41.0","mofed_version":"5.4-rdmacore39.0","openmpi_version":"4.1.7","kernel_version":"Linux 6.8.0-51-generic","nvidia_kernel_driver":"570.124.06"},"operating_system":"Ubuntu 22.04.4 LTS","sw_notes":""}'
:::SYSJSON {"submitter":"Dell","division":"closed","status":"Available on-premise","system_name":"1xXE9680x8H200-SXM-141GB","number_of_nodes":"1","host_processors_per_node":"2","host_processor_model_name":"Intel(R) Xeon(R) Platinum 8470","host_processor_core_count":"52","host_processor_vcpu_count":"","host_processor_frequency":"","host_processor_caches":"","host_processor_interconnect":"","host_memory_capacity":"2.0 TB","host_storage_type":"","host_storage_capacity":"","host_networking":"","host_networking_topology":"","host_memory_configuration":"","accelerators_per_node":"8","accelerator_model_name":"Dell H200","accelerator_host_interconnect":"","accelerator_frequency":"","accelerator_on-chip_memories":"","accelerator_memory_configuration":"","accelerator_memory_capacity":"143771 MiB","accelerator_interconnect":"","accelerator_interconnect_topology":"","cooling":"","hw_notes":"","framework":"PyTorch Dell Release 24.09","framework_name":"","other_software_stack":{"cuda_version":"12.6.1.006","cuda_driver_version":"560.35.03","nccl_version":"2.22.3","cublas_version":"12.6.3.1002","cudnn_version":"9.4.0.58","trt_version":"10.4.0.26","dali_version":"1.41.0","mofed_version":"5.4-rdmacore39.0","openmpi_version":"4.1.7","kernel_version":"Linux 6.8.0-51-generic","nvidia_kernel_driver":"570.124.06"},"operating_system":"Ubuntu 22.04.4 LTS","sw_notes":""}
+ srun --ntasks=1 --container-name=single_stage_detector_117 bash -c 'echo ":::GITCOMMITID ${GIT_COMMIT_ID} ${LAUNCHER_GIT_COMMIT_ID}"'
:::GITCOMMITID  
+ srun -N1 -n1 --container-name=single_stage_detector_117 python -c ''
+ '[' 1 -eq 1 ']'
+ srun --ntasks=1 bash -c 'echo -n '\''Clearing cache on '\'' && hostname && sync && sudo /sbin/sysctl vm.drop_caches=3'
Clearing cache on node076
vm.drop_caches = 3
+ srun --ntasks=1 --container-name=single_stage_detector_117 python -c '
from mlperf_logger import mllogger
mllogger.event(key=mllogger.constants.CACHE_CLEAR, value=True)'
:::MLLOG {"namespace": "", "time_ms": 1746045642816, "event_type": "POINT_IN_TIME", "key": "cache_clear", "value": true, "metadata": {"file": "<string>", "lineno": 3}}
+ sleep 30
+ set +e
++ date +%s
+ echo 'RUNANDTIME_START 1746045673'
RUNANDTIME_START 1746045673
+ srun --ntasks=8 --ntasks-per-node=8 --time=50 --container-name=single_stage_detector_117 --container-mounts=/mnt/data/openimages_ds/open-images-v6-mlperf:/datasets/open-images-v6,/home/manpreet/results/node076_retinanet:/results,/mnt/data/openimages_ds/torch_home/hub/checkpoints:/root/.cache/torch --container-workdir=/workspace/retinanet --container-env=MASTER_PORT,MASTER_ADDR slurm2pytorch ./run_and_time.sh
STARTING TIMING RUN AT 2025-04-30 03:41:15 PM
RANK 7: LOCAL_RANK 7, MASTER_ADDR node076, MASTER_PORT 29500, WORLD_SIZE 8, MLPERF_SLURM_FIRSTNODE , SLURM_JOB_ID 117, SLURM_NTASKS 8, SLURM_PROCID 7, SLURM_LOCALID 7, OMP_NUM_THREADS 1
running benchmark
STARTING TIMING RUN AT 2025-04-30 03:41:15 PM
RANK 4: LOCAL_RANK 4, MASTER_ADDR node076, MASTER_PORT 29500, WORLD_SIZE 8, MLPERF_SLURM_FIRSTNODE , SLURM_JOB_ID 117, SLURM_NTASKS 8, SLURM_PROCID 4, SLURM_LOCALID 4, OMP_NUM_THREADS 1
running benchmark
STARTING TIMING RUN AT 2025-04-30 03:41:15 PM
RANK 3: LOCAL_RANK 3, MASTER_ADDR node076, MASTER_PORT 29500, WORLD_SIZE 8, MLPERF_SLURM_FIRSTNODE , SLURM_JOB_ID 117, SLURM_NTASKS 8, SLURM_PROCID 3, SLURM_LOCALID 3, OMP_NUM_THREADS 1
running benchmark
STARTING TIMING RUN AT 2025-04-30 03:41:15 PM
RANK 1: LOCAL_RANK 1, MASTER_ADDR node076, MASTER_PORT 29500, WORLD_SIZE 8, MLPERF_SLURM_FIRSTNODE , SLURM_JOB_ID 117, SLURM_NTASKS 8, SLURM_PROCID 1, SLURM_LOCALID 1, OMP_NUM_THREADS 1
running benchmark
STARTING TIMING RUN AT 2025-04-30 03:41:15 PM
RANK 6: LOCAL_RANK 6, MASTER_ADDR node076, MASTER_PORT 29500, WORLD_SIZE 8, MLPERF_SLURM_FIRSTNODE , SLURM_JOB_ID 117, SLURM_NTASKS 8, SLURM_PROCID 6, SLURM_LOCALID 6, OMP_NUM_THREADS 1
running benchmark
STARTING TIMING RUN AT 2025-04-30 03:41:15 PM
RANK 5: LOCAL_RANK 5, MASTER_ADDR node076, MASTER_PORT 29500, WORLD_SIZE 8, MLPERF_SLURM_FIRSTNODE , SLURM_JOB_ID 117, SLURM_NTASKS 8, SLURM_PROCID 5, SLURM_LOCALID 5, OMP_NUM_THREADS 1
running benchmark
STARTING TIMING RUN AT 2025-04-30 03:41:15 PM
RANK 0: LOCAL_RANK 0, MASTER_ADDR node076, MASTER_PORT 29500, WORLD_SIZE 8, MLPERF_SLURM_FIRSTNODE , SLURM_JOB_ID 117, SLURM_NTASKS 8, SLURM_PROCID 0, SLURM_LOCALID 0, OMP_NUM_THREADS 1
running benchmark
STARTING TIMING RUN AT 2025-04-30 03:41:15 PM
RANK 2: LOCAL_RANK 2, MASTER_ADDR node076, MASTER_PORT 29500, WORLD_SIZE 8, MLPERF_SLURM_FIRSTNODE , SLURM_JOB_ID 117, SLURM_NTASKS 8, SLURM_PROCID 2, SLURM_LOCALID 2, OMP_NUM_THREADS 1
running benchmark
num_gpus=8 num_sockets = 2 num_nodes=2 cores_per_socket=52
num_gpus=8 num_sockets = 2 num_nodes=2 cores_per_socket=52
num_gpus=8 num_sockets = 2 num_nodes=2 cores_per_socket=52
num_gpus=8 num_sockets = 2 num_nodes=2 cores_per_socket=52
num_gpus=8 num_sockets = 2 num_nodes=2 cores_per_socket=52
num_gpus=8 num_sockets = 2 num_nodes=2 cores_per_socket=52
num_gpus=8 num_sockets = 2 num_nodes=2 cores_per_socket=52
num_gpus=8 num_sockets = 2 num_nodes=2 cores_per_socket=52
Matplotlib created a temporary cache directory at /tmp/matplotlib-5kpsso8q because the default path (/root/.config/matplotlib) is not a writable directory; it is highly recommended to set the MPLCONFIGDIR environment variable to a writable directory, in particular to speed up the import of Matplotlib and to better support multiprocessing.
Matplotlib created a temporary cache directory at /tmp/matplotlib-7ph7gcao because the default path (/root/.config/matplotlib) is not a writable directory; it is highly recommended to set the MPLCONFIGDIR environment variable to a writable directory, in particular to speed up the import of Matplotlib and to better support multiprocessing.
Matplotlib created a temporary cache directory at /tmp/matplotlib-osmytbis because the default path (/root/.config/matplotlib) is not a writable directory; it is highly recommended to set the MPLCONFIGDIR environment variable to a writable directory, in particular to speed up the import of Matplotlib and to better support multiprocessing.
Matplotlib created a temporary cache directory at /tmp/matplotlib-_1sfik2_ because the default path (/root/.config/matplotlib) is not a writable directory; it is highly recommended to set the MPLCONFIGDIR environment variable to a writable directory, in particular to speed up the import of Matplotlib and to better support multiprocessing.
Matplotlib created a temporary cache directory at /tmp/matplotlib-khshmcka because the default path (/root/.config/matplotlib) is not a writable directory; it is highly recommended to set the MPLCONFIGDIR environment variable to a writable directory, in particular to speed up the import of Matplotlib and to better support multiprocessing.
Matplotlib created a temporary cache directory at /tmp/matplotlib-l00ej479 because the default path (/root/.config/matplotlib) is not a writable directory; it is highly recommended to set the MPLCONFIGDIR environment variable to a writable directory, in particular to speed up the import of Matplotlib and to better support multiprocessing.
Matplotlib created a temporary cache directory at /tmp/matplotlib-z38cvadq because the default path (/root/.config/matplotlib) is not a writable directory; it is highly recommended to set the MPLCONFIGDIR environment variable to a writable directory, in particular to speed up the import of Matplotlib and to better support multiprocessing.
Matplotlib created a temporary cache directory at /tmp/matplotlib-qh69vb20 because the default path (/root/.config/matplotlib) is not a writable directory; it is highly recommended to set the MPLCONFIGDIR environment variable to a writable directory, in particular to speed up the import of Matplotlib and to better support multiprocessing.
| distributed init (rank 0): env://
| distributed init (rank 4): env://
| distributed init (rank 5): env://
| distributed init (rank 7): env://
| distributed init (rank 3): env://
| distributed init (rank 2): env://
| distributed init (rank 6): env://
| distributed init (rank 1): env://
node076:257269:257269 [0] NCCL INFO Bootstrap : Using eth2:10.141.0.76<0>
node076:257269:257269 [0] NCCL INFO cudaDriverVersion 12080
node076:257269:257269 [0] NCCL INFO NCCL version 2.22.3+cuda12.6
node076:257164:257164 [4] NCCL INFO cudaDriverVersion 12080
node076:257164:257164 [4] NCCL INFO Bootstrap : Using eth2:10.141.0.76<0>
node076:257164:257164 [4] NCCL INFO NCCL version 2.22.3+cuda12.6
node076:257260:257260 [5] NCCL INFO cudaDriverVersion 12080
node076:257260:257260 [5] NCCL INFO Bootstrap : Using eth2:10.141.0.76<0>
node076:257260:257260 [5] NCCL INFO NCCL version 2.22.3+cuda12.6
node076:257171:257171 [3] NCCL INFO cudaDriverVersion 12080
node076:257171:257171 [3] NCCL INFO Bootstrap : Using eth2:10.141.0.76<0>
node076:257171:257171 [3] NCCL INFO NCCL version 2.22.3+cuda12.6
node076:257279:257279 [2] NCCL INFO cudaDriverVersion 12080
node076:257279:257279 [2] NCCL INFO Bootstrap : Using eth2:10.141.0.76<0>
node076:257279:257279 [2] NCCL INFO NCCL version 2.22.3+cuda12.6
node076:257214:257214 [6] NCCL INFO cudaDriverVersion 12080
node076:257214:257214 [6] NCCL INFO Bootstrap : Using eth2:10.141.0.76<0>
node076:257214:257214 [6] NCCL INFO NCCL version 2.22.3+cuda12.6
node076:257192:257192 [1] NCCL INFO cudaDriverVersion 12080
node076:257192:257192 [1] NCCL INFO Bootstrap : Using eth2:10.141.0.76<0>
node076:257192:257192 [1] NCCL INFO NCCL version 2.22.3+cuda12.6
node076:257118:257118 [7] NCCL INFO cudaDriverVersion 12080
node076:257118:257118 [7] NCCL INFO Bootstrap : Using eth2:10.141.0.76<0>
node076:257118:257118 [7] NCCL INFO NCCL version 2.22.3+cuda12.6
node076:257269:257609 [0] NCCL INFO Plugin Path : /opt/hpcx/nccl_rdma_sharp_plugin/lib/libnccl-net.so
node076:257269:257609 [0] NCCL INFO P2P plugin v8 IBext_v8
node076:257269:257609 [0] NCCL INFO NET/IB : No device found.
node076:257269:257609 [0] NCCL INFO NET/IB : No device found.
node076:257269:257609 [0] NCCL INFO NET/Socket : Using [0]eth2:10.141.0.76<0>
node076:257269:257609 [0] NCCL INFO Using network Socket
node076:257260:257610 [5] NCCL INFO Plugin Path : /opt/hpcx/nccl_rdma_sharp_plugin/lib/libnccl-net.so
node076:257260:257610 [5] NCCL INFO P2P plugin v8 IBext_v8
node076:257260:257610 [5] NCCL INFO NET/IB : No device found.
node076:257260:257610 [5] NCCL INFO NET/IB : No device found.
node076:257260:257610 [5] NCCL INFO NET/Socket : Using [0]eth2:10.141.0.76<0>
node076:257164:257611 [4] NCCL INFO Plugin Path : /opt/hpcx/nccl_rdma_sharp_plugin/lib/libnccl-net.so
node076:257164:257611 [4] NCCL INFO P2P plugin v8 IBext_v8
node076:257260:257610 [5] NCCL INFO Using network Socket
node076:257164:257611 [4] NCCL INFO NET/IB : No device found.
node076:257164:257611 [4] NCCL INFO NET/IB : No device found.
node076:257164:257611 [4] NCCL INFO NET/Socket : Using [0]eth2:10.141.0.76<0>
node076:257164:257611 [4] NCCL INFO Using network Socket
node076:257171:257612 [3] NCCL INFO Plugin Path : /opt/hpcx/nccl_rdma_sharp_plugin/lib/libnccl-net.so
node076:257171:257612 [3] NCCL INFO P2P plugin v8 IBext_v8
node076:257171:257612 [3] NCCL INFO NET/IB : No device found.
node076:257171:257612 [3] NCCL INFO NET/IB : No device found.
node076:257171:257612 [3] NCCL INFO NET/Socket : Using [0]eth2:10.141.0.76<0>
node076:257171:257612 [3] NCCL INFO Using network Socket
node076:257279:257613 [2] NCCL INFO Plugin Path : /opt/hpcx/nccl_rdma_sharp_plugin/lib/libnccl-net.so
node076:257279:257613 [2] NCCL INFO P2P plugin v8 IBext_v8
node076:257279:257613 [2] NCCL INFO NET/IB : No device found.
node076:257279:257613 [2] NCCL INFO NET/IB : No device found.
node076:257279:257613 [2] NCCL INFO NET/Socket : Using [0]eth2:10.141.0.76<0>
node076:257279:257613 [2] NCCL INFO Using network Socket
node076:257214:257614 [6] NCCL INFO Plugin Path : /opt/hpcx/nccl_rdma_sharp_plugin/lib/libnccl-net.so
node076:257214:257614 [6] NCCL INFO P2P plugin v8 IBext_v8
node076:257214:257614 [6] NCCL INFO NET/IB : No device found.
node076:257214:257614 [6] NCCL INFO NET/IB : No device found.
node076:257214:257614 [6] NCCL INFO NET/Socket : Using [0]eth2:10.141.0.76<0>
node076:257214:257614 [6] NCCL INFO Using network Socket
node076:257192:257615 [1] NCCL INFO Plugin Path : /opt/hpcx/nccl_rdma_sharp_plugin/lib/libnccl-net.so
node076:257192:257615 [1] NCCL INFO P2P plugin v8 IBext_v8
node076:257192:257615 [1] NCCL INFO NET/IB : No device found.
node076:257192:257615 [1] NCCL INFO NET/IB : No device found.
node076:257192:257615 [1] NCCL INFO NET/Socket : Using [0]eth2:10.141.0.76<0>
node076:257192:257615 [1] NCCL INFO Using network Socket
node076:257118:257616 [7] NCCL INFO Plugin Path : /opt/hpcx/nccl_rdma_sharp_plugin/lib/libnccl-net.so
node076:257118:257616 [7] NCCL INFO P2P plugin v8 IBext_v8
node076:257118:257616 [7] NCCL INFO NET/IB : No device found.
node076:257118:257616 [7] NCCL INFO NET/IB : No device found.
node076:257118:257616 [7] NCCL INFO NET/Socket : Using [0]eth2:10.141.0.76<0>
node076:257118:257616 [7] NCCL INFO Using network Socket
node076:257171:257612 [3] NCCL INFO ncclCommInitRank comm 0x55555e528b50 rank 3 nranks 8 cudaDev 3 nvmlDev 3 busId 5d000 commId 0x5b7ce470ecad3617 - Init START
node076:257164:257611 [4] NCCL INFO ncclCommInitRank comm 0x55555e52a590 rank 4 nranks 8 cudaDev 4 nvmlDev 4 busId 9b000 commId 0x5b7ce470ecad3617 - Init START
node076:257260:257610 [5] NCCL INFO ncclCommInitRank comm 0x55555e529000 rank 5 nranks 8 cudaDev 5 nvmlDev 5 busId bb000 commId 0x5b7ce470ecad3617 - Init START
node076:257214:257614 [6] NCCL INFO ncclCommInitRank comm 0x55555e529e60 rank 6 nranks 8 cudaDev 6 nvmlDev 6 busId cb000 commId 0x5b7ce470ecad3617 - Init START
node076:257269:257609 [0] NCCL INFO ncclCommInitRank comm 0x55555e529f90 rank 0 nranks 8 cudaDev 0 nvmlDev 0 busId 19000 commId 0x5b7ce470ecad3617 - Init START
node076:257192:257615 [1] NCCL INFO ncclCommInitRank comm 0x55555e5280a0 rank 1 nranks 8 cudaDev 1 nvmlDev 1 busId 3b000 commId 0x5b7ce470ecad3617 - Init START
node076:257279:257613 [2] NCCL INFO ncclCommInitRank comm 0x55555e5299a0 rank 2 nranks 8 cudaDev 2 nvmlDev 2 busId 4c000 commId 0x5b7ce470ecad3617 - Init START
node076:257118:257616 [7] NCCL INFO ncclCommInitRank comm 0x55555e5295e0 rank 7 nranks 8 cudaDev 7 nvmlDev 7 busId db000 commId 0x5b7ce470ecad3617 - Init START
node076:257164:257611 [4] NCCL INFO MNNVL busId 0x9b000 fabric UUID 0.0 cliqueId 0x0 state 3 healthMask 0x0
node076:257260:257610 [5] NCCL INFO MNNVL busId 0xbb000 fabric UUID 0.0 cliqueId 0x0 state 3 healthMask 0x0
node076:257269:257609 [0] NCCL INFO MNNVL busId 0x19000 fabric UUID 0.0 cliqueId 0x0 state 3 healthMask 0x0
node076:257192:257615 [1] NCCL INFO MNNVL busId 0x3b000 fabric UUID 0.0 cliqueId 0x0 state 3 healthMask 0x0
node076:257279:257613 [2] NCCL INFO MNNVL busId 0x4c000 fabric UUID 0.0 cliqueId 0x0 state 3 healthMask 0x0
node076:257171:257612 [3] NCCL INFO MNNVL busId 0x5d000 fabric UUID 0.0 cliqueId 0x0 state 3 healthMask 0x0
node076:257214:257614 [6] NCCL INFO MNNVL busId 0xcb000 fabric UUID 0.0 cliqueId 0x0 state 3 healthMask 0x0
node076:257118:257616 [7] NCCL INFO MNNVL busId 0xdb000 fabric UUID 0.0 cliqueId 0x0 state 3 healthMask 0x0
node076:257260:257610 [5] NCCL INFO Setting affinity for GPU 5 to 3ffe00,00000000,00000000,00003ffe,00000000,00000000
node076:257260:257610 [5] NCCL INFO NCCL_NVLS_ENABLE set by environment to 0.
node076:257164:257611 [4] NCCL INFO Setting affinity for GPU 4 to 01ff,f0000000,00000000,00000001,fff00000,00000000
node076:257164:257611 [4] NCCL INFO NCCL_NVLS_ENABLE set by environment to 0.
node076:257269:257609 [0] NCCL INFO Setting affinity for GPU 0 to 1fff00,00000000,00000000,00001fff
node076:257269:257609 [0] NCCL INFO NCCL_NVLS_ENABLE set by environment to 0.
node076:257171:257612 [3] NCCL INFO Setting affinity for GPU 3 to 0fff8000,00000000,00000000,000fff80,00000000
node076:257171:257612 [3] NCCL INFO NCCL_NVLS_ENABLE set by environment to 0.
node076:257214:257614 [6] NCCL INFO Setting affinity for GPU 6 to 07,ffc00000,00000000,00000000,07ffc000,00000000,00000000
node076:257214:257614 [6] NCCL INFO NCCL_NVLS_ENABLE set by environment to 0.
node076:257279:257613 [2] NCCL INFO Setting affinity for GPU 2 to 7ffc,00000000,00000000,0000007f,fc000000
node076:257279:257613 [2] NCCL INFO NCCL_NVLS_ENABLE set by environment to 0.
node076:257118:257616 [7] NCCL INFO Setting affinity for GPU 7 to fff8,00000000,00000000,000000ff,f8000000,00000000,00000000
node076:257118:257616 [7] NCCL INFO NCCL_NVLS_ENABLE set by environment to 0.
node076:257192:257615 [1] NCCL INFO Setting affinity for GPU 1 to 03,ffe00000,00000000,00000000,03ffe000
node076:257192:257615 [1] NCCL INFO NCCL_NVLS_ENABLE set by environment to 0.
node076:257269:257609 [0] NCCL INFO comm 0x55555e529f90 rank 0 nRanks 8 nNodes 1 localRanks 8 localRank 0 MNNVL 0
node076:257269:257609 [0] NCCL INFO Channel 00/24 :    0   1   2   3   4   5   6   7
node076:257269:257609 [0] NCCL INFO Channel 01/24 :    0   1   2   3   4   5   6   7
node076:257269:257609 [0] NCCL INFO Channel 02/24 :    0   1   2   3   4   5   6   7
node076:257192:257615 [1] NCCL INFO comm 0x55555e5280a0 rank 1 nRanks 8 nNodes 1 localRanks 8 localRank 1 MNNVL 0
node076:257192:257615 [1] NCCL INFO Trees [0] 2/-1/-1->1->0 [1] 2/-1/-1->1->0 [2] 2/-1/-1->1->0 [3] 2/-1/-1->1->0 [4] 2/-1/-1->1->0 [5] 2/-1/-1->1->0 [6] 2/-1/-1->1->0 [7] 2/-1/-1->1->0 [8] 2/-1/-1->1->0 [9] 2/-1/-1->1->0 [10] 2/-1/-1->1->0 [11] 2/-1/-1->1->0 [12] 2/-1/-1->1->0 [13] 2/-1/-1->1->0 [14] 2/-1/-1->1->0 [15] 2/-1/-1->1->0 [16] 2/-1/-1->1->0 [17] 2/-1/-1->1->0 [18] 2/-1/-1->1->0 [19] 2/-1/-1->1->0 [20] 2/-1/-1->1->0 [21] 2/-1/-1->1->0 [22] 2/-1/-1->1->0 [23] 2/-1/-1->1->0
node076:257192:257615 [1] NCCL INFO P2P Chunksize set to 524288
node076:257279:257613 [2] NCCL INFO comm 0x55555e5299a0 rank 2 nRanks 8 nNodes 1 localRanks 8 localRank 2 MNNVL 0
node076:257279:257613 [2] NCCL INFO Trees [0] 3/-1/-1->2->1 [1] 3/-1/-1->2->1 [2] 3/-1/-1->2->1 [3] 3/-1/-1->2->1 [4] 3/-1/-1->2->1 [5] 3/-1/-1->2->1 [6] 3/-1/-1->2->1 [7] 3/-1/-1->2->1 [8] 3/-1/-1->2->1 [9] 3/-1/-1->2->1 [10] 3/-1/-1->2->1 [11] 3/-1/-1->2->1 [12] 3/-1/-1->2->1 [13] 3/-1/-1->2->1 [14] 3/-1/-1->2->1 [15] 3/-1/-1->2->1 [16] 3/-1/-1->2->1 [17] 3/-1/-1->2->1 [18] 3/-1/-1->2->1 [19] 3/-1/-1->2->1 [20] 3/-1/-1->2->1 [21] 3/-1/-1->2->1 [22] 3/-1/-1->2->1 [23] 3/-1/-1->2->1
node076:257279:257613 [2] NCCL INFO P2P Chunksize set to 524288
node076:257171:257612 [3] NCCL INFO comm 0x55555e528b50 rank 3 nRanks 8 nNodes 1 localRanks 8 localRank 3 MNNVL 0
node076:257171:257612 [3] NCCL INFO Trees [0] 4/-1/-1->3->2 [1] 4/-1/-1->3->2 [2] 4/-1/-1->3->2 [3] 4/-1/-1->3->2 [4] 4/-1/-1->3->2 [5] 4/-1/-1->3->2 [6] 4/-1/-1->3->2 [7] 4/-1/-1->3->2 [8] 4/-1/-1->3->2 [9] 4/-1/-1->3->2 [10] 4/-1/-1->3->2 [11] 4/-1/-1->3->2 [12] 4/-1/-1->3->2 [13] 4/-1/-1->3->2 [14] 4/-1/-1->3->2 [15] 4/-1/-1->3->2 [16] 4/-1/-1->3->2 [17] 4/-1/-1->3->2 [18] 4/-1/-1->3->2 [19] 4/-1/-1->3->2 [20] 4/-1/-1->3->2 [21] 4/-1/-1->3->2 [22] 4/-1/-1->3->2 [23] 4/-1/-1->3->2
node076:257171:257612 [3] NCCL INFO P2P Chunksize set to 524288
node076:257164:257611 [4] NCCL INFO comm 0x55555e52a590 rank 4 nRanks 8 nNodes 1 localRanks 8 localRank 4 MNNVL 0
node076:257164:257611 [4] NCCL INFO Trees [0] 5/-1/-1->4->3 [1] 5/-1/-1->4->3 [2] 5/-1/-1->4->3 [3] 5/-1/-1->4->3 [4] 5/-1/-1->4->3 [5] 5/-1/-1->4->3 [6] 5/-1/-1->4->3 [7] 5/-1/-1->4->3 [8] 5/-1/-1->4->3 [9] 5/-1/-1->4->3 [10] 5/-1/-1->4->3 [11] 5/-1/-1->4->3 [12] 5/-1/-1->4->3 [13] 5/-1/-1->4->3 [14] 5/-1/-1->4->3 [15] 5/-1/-1->4->3 [16] 5/-1/-1->4->3 [17] 5/-1/-1->4->3 [18] 5/-1/-1->4->3 [19] 5/-1/-1->4->3 [20] 5/-1/-1->4->3 [21] 5/-1/-1->4->3 [22] 5/-1/-1->4->3 [23] 5/-1/-1->4->3
node076:257164:257611 [4] NCCL INFO P2P Chunksize set to 524288
node076:257260:257610 [5] NCCL INFO comm 0x55555e529000 rank 5 nRanks 8 nNodes 1 localRanks 8 localRank 5 MNNVL 0
node076:257260:257610 [5] NCCL INFO Trees [0] 6/-1/-1->5->4 [1] 6/-1/-1->5->4 [2] 6/-1/-1->5->4 [3] 6/-1/-1->5->4 [4] 6/-1/-1->5->4 [5] 6/-1/-1->5->4 [6] 6/-1/-1->5->4 [7] 6/-1/-1->5->4 [8] 6/-1/-1->5->4 [9] 6/-1/-1->5->4 [10] 6/-1/-1->5->4 [11] 6/-1/-1->5->4 [12] 6/-1/-1->5->4 [13] 6/-1/-1->5->4 [14] 6/-1/-1->5->4 [15] 6/-1/-1->5->4 [16] 6/-1/-1->5->4 [17] 6/-1/-1->5->4 [18] 6/-1/-1->5->4 [19] 6/-1/-1->5->4 [20] 6/-1/-1->5->4 [21] 6/-1/-1->5->4 [22] 6/-1/-1->5->4 [23] 6/-1/-1->5->4
node076:257260:257610 [5] NCCL INFO P2P Chunksize set to 524288
node076:257214:257614 [6] NCCL INFO comm 0x55555e529e60 rank 6 nRanks 8 nNodes 1 localRanks 8 localRank 6 MNNVL 0
node076:257214:257614 [6] NCCL INFO Trees [0] 7/-1/-1->6->5 [1] 7/-1/-1->6->5 [2] 7/-1/-1->6->5 [3] 7/-1/-1->6->5 [4] 7/-1/-1->6->5 [5] 7/-1/-1->6->5 [6] 7/-1/-1->6->5 [7] 7/-1/-1->6->5 [8] 7/-1/-1->6->5 [9] 7/-1/-1->6->5 [10] 7/-1/-1->6->5 [11] 7/-1/-1->6->5 [12] 7/-1/-1->6->5 [13] 7/-1/-1->6->5 [14] 7/-1/-1->6->5 [15] 7/-1/-1->6->5 [16] 7/-1/-1->6->5 [17] 7/-1/-1->6->5 [18] 7/-1/-1->6->5 [19] 7/-1/-1->6->5 [20] 7/-1/-1->6->5 [21] 7/-1/-1->6->5 [22] 7/-1/-1->6->5 [23] 7/-1/-1->6->5
node076:257214:257614 [6] NCCL INFO P2P Chunksize set to 524288
node076:257118:257616 [7] NCCL INFO comm 0x55555e5295e0 rank 7 nRanks 8 nNodes 1 localRanks 8 localRank 7 MNNVL 0
node076:257118:257616 [7] NCCL INFO Trees [0] -1/-1/-1->7->6 [1] -1/-1/-1->7->6 [2] -1/-1/-1->7->6 [3] -1/-1/-1->7->6 [4] -1/-1/-1->7->6 [5] -1/-1/-1->7->6 [6] -1/-1/-1->7->6 [7] -1/-1/-1->7->6 [8] -1/-1/-1->7->6 [9] -1/-1/-1->7->6 [10] -1/-1/-1->7->6 [11] -1/-1/-1->7->6 [12] -1/-1/-1->7->6 [13] -1/-1/-1->7->6 [14] -1/-1/-1->7->6 [15] -1/-1/-1->7->6 [16] -1/-1/-1->7->6 [17] -1/-1/-1->7->6 [18] -1/-1/-1->7->6 [19] -1/-1/-1->7->6 [20] -1/-1/-1->7->6 [21] -1/-1/-1->7->6 [22] -1/-1/-1->7->6 [23] -1/-1/-1->7->6
node076:257118:257616 [7] NCCL INFO P2P Chunksize set to 524288
node076:257269:257609 [0] NCCL INFO Channel 03/24 :    0   1   2   3   4   5   6   7
node076:257269:257609 [0] NCCL INFO Channel 04/24 :    0   1   2   3   4   5   6   7
node076:257269:257609 [0] NCCL INFO Channel 05/24 :    0   1   2   3   4   5   6   7
node076:257269:257609 [0] NCCL INFO Channel 06/24 :    0   1   2   3   4   5   6   7
node076:257269:257609 [0] NCCL INFO Channel 07/24 :    0   1   2   3   4   5   6   7
node076:257269:257609 [0] NCCL INFO Channel 08/24 :    0   1   2   3   4   5   6   7
node076:257269:257609 [0] NCCL INFO Channel 09/24 :    0   1   2   3   4   5   6   7
node076:257269:257609 [0] NCCL INFO Channel 10/24 :    0   1   2   3   4   5   6   7
node076:257269:257609 [0] NCCL INFO Channel 11/24 :    0   1   2   3   4   5   6   7
node076:257269:257609 [0] NCCL INFO Channel 12/24 :    0   1   2   3   4   5   6   7
node076:257269:257609 [0] NCCL INFO Channel 13/24 :    0   1   2   3   4   5   6   7
node076:257269:257609 [0] NCCL INFO Channel 14/24 :    0   1   2   3   4   5   6   7
node076:257269:257609 [0] NCCL INFO Channel 15/24 :    0   1   2   3   4   5   6   7
node076:257269:257609 [0] NCCL INFO Channel 16/24 :    0   1   2   3   4   5   6   7
node076:257269:257609 [0] NCCL INFO Channel 17/24 :    0   1   2   3   4   5   6   7
node076:257269:257609 [0] NCCL INFO Channel 18/24 :    0   1   2   3   4   5   6   7
node076:257269:257609 [0] NCCL INFO Channel 19/24 :    0   1   2   3   4   5   6   7
node076:257269:257609 [0] NCCL INFO Channel 20/24 :    0   1   2   3   4   5   6   7
node076:257269:257609 [0] NCCL INFO Channel 21/24 :    0   1   2   3   4   5   6   7
node076:257269:257609 [0] NCCL INFO Channel 22/24 :    0   1   2   3   4   5   6   7
node076:257269:257609 [0] NCCL INFO Channel 23/24 :    0   1   2   3   4   5   6   7
node076:257269:257609 [0] NCCL INFO Trees [0] 1/-1/-1->0->-1 [1] 1/-1/-1->0->-1 [2] 1/-1/-1->0->-1 [3] 1/-1/-1->0->-1 [4] 1/-1/-1->0->-1 [5] 1/-1/-1->0->-1 [6] 1/-1/-1->0->-1 [7] 1/-1/-1->0->-1 [8] 1/-1/-1->0->-1 [9] 1/-1/-1->0->-1 [10] 1/-1/-1->0->-1 [11] 1/-1/-1->0->-1 [12] 1/-1/-1->0->-1 [13] 1/-1/-1->0->-1 [14] 1/-1/-1->0->-1 [15] 1/-1/-1->0->-1 [16] 1/-1/-1->0->-1 [17] 1/-1/-1->0->-1 [18] 1/-1/-1->0->-1 [19] 1/-1/-1->0->-1 [20] 1/-1/-1->0->-1 [21] 1/-1/-1->0->-1 [22] 1/-1/-1->0->-1 [23] 1/-1/-1->0->-1
node076:257269:257609 [0] NCCL INFO P2P Chunksize set to 524288
node076:257269:257609 [0] NCCL INFO threadThresholds 8/8/64 | 64/8/64 | 512 | 512
node076:257269:257609 [0] NCCL INFO 24 coll channels, 24 collnet channels, 0 nvls channels, 32 p2p channels, 32 p2p channels per peer
node076:257269:257609 [0] NCCL INFO CC Off, Multi-GPU CC Off, workFifoBytes 1048576
node076:257171:257612 [3] NCCL INFO threadThresholds 8/8/64 | 64/8/64 | 512 | 512
node076:257171:257612 [3] NCCL INFO 24 coll channels, 24 collnet channels, 0 nvls channels, 32 p2p channels, 32 p2p channels per peer
node076:257192:257615 [1] NCCL INFO threadThresholds 8/8/64 | 64/8/64 | 512 | 512
node076:257192:257615 [1] NCCL INFO 24 coll channels, 24 collnet channels, 0 nvls channels, 32 p2p channels, 32 p2p channels per peer
node076:257260:257610 [5] NCCL INFO threadThresholds 8/8/64 | 64/8/64 | 512 | 512
node076:257260:257610 [5] NCCL INFO 24 coll channels, 24 collnet channels, 0 nvls channels, 32 p2p channels, 32 p2p channels per peer
node076:257118:257616 [7] NCCL INFO threadThresholds 8/8/64 | 64/8/64 | 512 | 512
node076:257118:257616 [7] NCCL INFO 24 coll channels, 24 collnet channels, 0 nvls channels, 32 p2p channels, 32 p2p channels per peer
node076:257279:257613 [2] NCCL INFO threadThresholds 8/8/64 | 64/8/64 | 512 | 512
node076:257279:257613 [2] NCCL INFO 24 coll channels, 24 collnet channels, 0 nvls channels, 32 p2p channels, 32 p2p channels per peer
node076:257164:257611 [4] NCCL INFO threadThresholds 8/8/64 | 64/8/64 | 512 | 512
node076:257164:257611 [4] NCCL INFO 24 coll channels, 24 collnet channels, 0 nvls channels, 32 p2p channels, 32 p2p channels per peer
node076:257214:257614 [6] NCCL INFO threadThresholds 8/8/64 | 64/8/64 | 512 | 512
node076:257214:257614 [6] NCCL INFO 24 coll channels, 24 collnet channels, 0 nvls channels, 32 p2p channels, 32 p2p channels per peer
node076:257260:257610 [5] NCCL INFO TUNER/Plugin: Failed to find ncclTunerPlugin_v3 symbol.
node076:257260:257610 [5] NCCL INFO TUNER/Plugin: Failed to find ncclTunerPlugin_v2 symbol, using internal tuner instead.
node076:257260:257610 [5] NCCL INFO ncclCommInitRank comm 0x55555e529000 rank 5 nranks 8 cudaDev 5 nvmlDev 5 busId bb000 commId 0x5b7ce470ecad3617 - Init COMPLETE
node076:257260:257610 [5] NCCL INFO Init timings: rank 5 nranks 8 total 1.36 (kernels 0.25, bootstrap 0.92, allgathers 0.01, topo 0.07, graphs 0.01, connections 0.07, rest 0.03)
node076:257269:257609 [0] NCCL INFO TUNER/Plugin: Failed to find ncclTunerPlugin_v3 symbol.
node076:257269:257609 [0] NCCL INFO TUNER/Plugin: Failed to find ncclTunerPlugin_v2 symbol, using internal tuner instead.
node076:257269:257609 [0] NCCL INFO ncclCommInitRank comm 0x55555e529f90 rank 0 nranks 8 cudaDev 0 nvmlDev 0 busId 19000 commId 0x5b7ce470ecad3617 - Init COMPLETE
node076:257269:257609 [0] NCCL INFO Init timings: rank 0 nranks 8 total 1.40 (kernels 0.17, bootstrap 1.04, allgathers 0.01, topo 0.07, graphs 0.01, connections 0.07, rest 0.03)
node076:257164:257611 [4] NCCL INFO TUNER/Plugin: Failed to find ncclTunerPlugin_v3 symbol.
node076:257164:257611 [4] NCCL INFO TUNER/Plugin: Failed to find ncclTunerPlugin_v2 symbol, using internal tuner instead.
node076:257171:257612 [3] NCCL INFO TUNER/Plugin: Failed to find ncclTunerPlugin_v3 symbol.
node076:257164:257611 [4] NCCL INFO ncclCommInitRank comm 0x55555e52a590 rank 4 nranks 8 cudaDev 4 nvmlDev 4 busId 9b000 commId 0x5b7ce470ecad3617 - Init COMPLETE
node076:257164:257611 [4] NCCL INFO Init timings: rank 4 nranks 8 total 1.36 (kernels 0.26, bootstrap 0.91, allgathers 0.01, topo 0.07, graphs 0.01, connections 0.07, rest 0.03)
node076:257171:257612 [3] NCCL INFO TUNER/Plugin: Failed to find ncclTunerPlugin_v2 symbol, using internal tuner instead.
node076:257171:257612 [3] NCCL INFO ncclCommInitRank comm 0x55555e528b50 rank 3 nranks 8 cudaDev 3 nvmlDev 3 busId 5d000 commId 0x5b7ce470ecad3617 - Init COMPLETE
node076:257171:257612 [3] NCCL INFO Init timings: rank 3 nranks 8 total 1.36 (kernels 0.27, bootstrap 0.89, allgathers 0.01, topo 0.07, graphs 0.01, connections 0.07, rest 0.03)
node076:257192:257615 [1] NCCL INFO TUNER/Plugin: Failed to find ncclTunerPlugin_v3 symbol.
node076:257192:257615 [1] NCCL INFO TUNER/Plugin: Failed to find ncclTunerPlugin_v2 symbol, using internal tuner instead.
node076:257192:257615 [1] NCCL INFO ncclCommInitRank comm 0x55555e5280a0 rank 1 nranks 8 cudaDev 1 nvmlDev 1 busId 3b000 commId 0x5b7ce470ecad3617 - Init COMPLETE
node076:257192:257615 [1] NCCL INFO Init timings: rank 1 nranks 8 total 1.34 (kernels 0.38, bootstrap 0.77, allgathers 0.00, topo 0.07, graphs 0.02, connections 0.07, rest 0.03)
node076:257118:257616 [7] NCCL INFO TUNER/Plugin: Failed to find ncclTunerPlugin_v3 symbol.
node076:257118:257616 [7] NCCL INFO TUNER/Plugin: Failed to find ncclTunerPlugin_v2 symbol, using internal tuner instead.
node076:257118:257616 [7] NCCL INFO ncclCommInitRank comm 0x55555e5295e0 rank 7 nranks 8 cudaDev 7 nvmlDev 7 busId db000 commId 0x5b7ce470ecad3617 - Init COMPLETE
node076:257118:257616 [7] NCCL INFO Init timings: rank 7 nranks 8 total 1.34 (kernels 0.43, bootstrap 0.72, allgathers 0.00, topo 0.07, graphs 0.01, connections 0.07, rest 0.03)
node076:257279:257613 [2] NCCL INFO TUNER/Plugin: Failed to find ncclTunerPlugin_v3 symbol.
node076:257279:257613 [2] NCCL INFO TUNER/Plugin: Failed to find ncclTunerPlugin_v2 symbol, using internal tuner instead.
node076:257279:257613 [2] NCCL INFO ncclCommInitRank comm 0x55555e5299a0 rank 2 nranks 8 cudaDev 2 nvmlDev 2 busId 4c000 commId 0x5b7ce470ecad3617 - Init COMPLETE
node076:257279:257613 [2] NCCL INFO Init timings: rank 2 nranks 8 total 1.35 (kernels 0.29, bootstrap 0.87, allgathers 0.01, topo 0.07, graphs 0.01, connections 0.07, rest 0.03)
node076:257214:257614 [6] NCCL INFO TUNER/Plugin: Failed to find ncclTunerPlugin_v3 symbol.
node076:257214:257614 [6] NCCL INFO TUNER/Plugin: Failed to find ncclTunerPlugin_v2 symbol, using internal tuner instead.
node076:257214:257614 [6] NCCL INFO ncclCommInitRank comm 0x55555e529e60 rank 6 nranks 8 cudaDev 6 nvmlDev 6 busId cb000 commId 0x5b7ce470ecad3617 - Init COMPLETE
node076:257214:257614 [6] NCCL INFO Init timings: rank 6 nranks 8 total 1.35 (kernels 0.35, bootstrap 0.81, allgathers 0.01, topo 0.07, graphs 0.01, connections 0.08, rest 0.02)
node076:257279:257638 [2] NCCL INFO Channel 00/0 : 2[2] -> 3[3] via P2P/CUMEM
node076:257269:257637 [0] NCCL INFO Channel 00/0 : 0[0] -> 1[1] via P2P/CUMEM
node076:257279:257638 [2] NCCL INFO Channel 01/0 : 2[2] -> 3[3] via P2P/CUMEM
node076:257269:257637 [0] NCCL INFO Channel 01/0 : 0[0] -> 1[1] via P2P/CUMEM
node076:257269:257637 [0] NCCL INFO Channel 02/0 : 0[0] -> 1[1] via P2P/CUMEM
node076:257279:257638 [2] NCCL INFO Channel 02/0 : 2[2] -> 3[3] via P2P/CUMEM
node076:257279:257638 [2] NCCL INFO Channel 03/0 : 2[2] -> 3[3] via P2P/CUMEM
node076:257269:257637 [0] NCCL INFO Channel 03/0 : 0[0] -> 1[1] via P2P/CUMEM
node076:257279:257638 [2] NCCL INFO Channel 04/0 : 2[2] -> 3[3] via P2P/CUMEM
node076:257269:257637 [0] NCCL INFO Channel 04/0 : 0[0] -> 1[1] via P2P/CUMEM
node076:257192:257642 [1] NCCL INFO Channel 00/0 : 1[1] -> 2[2] via P2P/CUMEM
node076:257269:257637 [0] NCCL INFO Channel 05/0 : 0[0] -> 1[1] via P2P/CUMEM
node076:257269:257637 [0] NCCL INFO Channel 06/0 : 0[0] -> 1[1] via P2P/CUMEM
node076:257279:257638 [2] NCCL INFO Channel 05/0 : 2[2] -> 3[3] via P2P/CUMEM
node076:257192:257642 [1] NCCL INFO Channel 01/0 : 1[1] -> 2[2] via P2P/CUMEM
node076:257192:257642 [1] NCCL INFO Channel 02/0 : 1[1] -> 2[2] via P2P/CUMEM
node076:257164:257640 [4] NCCL INFO Channel 00/0 : 4[4] -> 5[5] via P2P/CUMEM
node076:257279:257638 [2] NCCL INFO Channel 06/0 : 2[2] -> 3[3] via P2P/CUMEM
node076:257214:257639 [6] NCCL INFO Channel 00/0 : 6[6] -> 7[7] via P2P/CUMEM
node076:257269:257637 [0] NCCL INFO Channel 07/0 : 0[0] -> 1[1] via P2P/CUMEM
node076:257214:257639 [6] NCCL INFO Channel 01/0 : 6[6] -> 7[7] via P2P/CUMEM
node076:257192:257642 [1] NCCL INFO Channel 03/0 : 1[1] -> 2[2] via P2P/CUMEM
node076:257279:257638 [2] NCCL INFO Channel 07/0 : 2[2] -> 3[3] via P2P/CUMEM
node076:257164:257640 [4] NCCL INFO Channel 01/0 : 4[4] -> 5[5] via P2P/CUMEM
node076:257192:257642 [1] NCCL INFO Channel 04/0 : 1[1] -> 2[2] via P2P/CUMEM
node076:257269:257637 [0] NCCL INFO Channel 08/0 : 0[0] -> 1[1] via P2P/CUMEM
node076:257269:257637 [0] NCCL INFO Channel 09/0 : 0[0] -> 1[1] via P2P/CUMEM
node076:257164:257640 [4] NCCL INFO Channel 02/0 : 4[4] -> 5[5] via P2P/CUMEM
node076:257279:257638 [2] NCCL INFO Channel 08/0 : 2[2] -> 3[3] via P2P/CUMEM
node076:257214:257639 [6] NCCL INFO Channel 02/0 : 6[6] -> 7[7] via P2P/CUMEM
node076:257192:257642 [1] NCCL INFO Channel 05/0 : 1[1] -> 2[2] via P2P/CUMEM
node076:257171:257641 [3] NCCL INFO Channel 00/0 : 3[3] -> 4[4] via P2P/CUMEM
node076:257214:257639 [6] NCCL INFO Channel 03/0 : 6[6] -> 7[7] via P2P/CUMEM
node076:257279:257638 [2] NCCL INFO Channel 09/0 : 2[2] -> 3[3] via P2P/CUMEM
node076:257192:257642 [1] NCCL INFO Channel 06/0 : 1[1] -> 2[2] via P2P/CUMEM
node076:257269:257637 [0] NCCL INFO Channel 10/0 : 0[0] -> 1[1] via P2P/CUMEM
node076:257269:257637 [0] NCCL INFO Channel 11/0 : 0[0] -> 1[1] via P2P/CUMEM
node076:257214:257639 [6] NCCL INFO Channel 04/0 : 6[6] -> 7[7] via P2P/CUMEM
node076:257164:257640 [4] NCCL INFO Channel 03/0 : 4[4] -> 5[5] via P2P/CUMEM
node076:257192:257642 [1] NCCL INFO Channel 07/0 : 1[1] -> 2[2] via P2P/CUMEM
node076:257279:257638 [2] NCCL INFO Channel 10/0 : 2[2] -> 3[3] via P2P/CUMEM
node076:257279:257638 [2] NCCL INFO Channel 11/0 : 2[2] -> 3[3] via P2P/CUMEM
node076:257171:257641 [3] NCCL INFO Channel 01/0 : 3[3] -> 4[4] via P2P/CUMEM
node076:257164:257640 [4] NCCL INFO Channel 04/0 : 4[4] -> 5[5] via P2P/CUMEM
node076:257269:257637 [0] NCCL INFO Channel 12/0 : 0[0] -> 1[1] via P2P/CUMEM
node076:257192:257642 [1] NCCL INFO Channel 08/0 : 1[1] -> 2[2] via P2P/CUMEM
node076:257214:257639 [6] NCCL INFO Channel 05/0 : 6[6] -> 7[7] via P2P/CUMEM
node076:257279:257638 [2] NCCL INFO Channel 12/0 : 2[2] -> 3[3] via P2P/CUMEM
node076:257192:257642 [1] NCCL INFO Channel 09/0 : 1[1] -> 2[2] via P2P/CUMEM
node076:257269:257637 [0] NCCL INFO Channel 13/0 : 0[0] -> 1[1] via P2P/CUMEM
node076:257164:257640 [4] NCCL INFO Channel 05/0 : 4[4] -> 5[5] via P2P/CUMEM
node076:257171:257641 [3] NCCL INFO Channel 02/0 : 3[3] -> 4[4] via P2P/CUMEM
node076:257118:257643 [7] NCCL INFO Channel 00/0 : 7[7] -> 0[0] via P2P/CUMEM
node076:257192:257642 [1] NCCL INFO Channel 10/0 : 1[1] -> 2[2] via P2P/CUMEM
node076:257279:257638 [2] NCCL INFO Channel 13/0 : 2[2] -> 3[3] via P2P/CUMEM
node076:257269:257637 [0] NCCL INFO Channel 14/0 : 0[0] -> 1[1] via P2P/CUMEM
node076:257269:257637 [0] NCCL INFO Channel 15/0 : 0[0] -> 1[1] via P2P/CUMEM
node076:257279:257638 [2] NCCL INFO Channel 14/0 : 2[2] -> 3[3] via P2P/CUMEM
node076:257192:257642 [1] NCCL INFO Channel 11/0 : 1[1] -> 2[2] via P2P/CUMEM
node076:257214:257639 [6] NCCL INFO Channel 06/0 : 6[6] -> 7[7] via P2P/CUMEM
node076:257164:257640 [4] NCCL INFO Channel 06/0 : 4[4] -> 5[5] via P2P/CUMEM
node076:257118:257643 [7] NCCL INFO Channel 01/0 : 7[7] -> 0[0] via P2P/CUMEM
node076:257171:257641 [3] NCCL INFO Channel 03/0 : 3[3] -> 4[4] via P2P/CUMEM
node076:257269:257637 [0] NCCL INFO Channel 16/0 : 0[0] -> 1[1] via P2P/CUMEM
node076:257164:257640 [4] NCCL INFO Channel 07/0 : 4[4] -> 5[5] via P2P/CUMEM
node076:257214:257639 [6] NCCL INFO Channel 07/0 : 6[6] -> 7[7] via P2P/CUMEM
node076:257118:257643 [7] NCCL INFO Channel 02/0 : 7[7] -> 0[0] via P2P/CUMEM
node076:257171:257641 [3] NCCL INFO Channel 04/0 : 3[3] -> 4[4] via P2P/CUMEM
node076:257192:257642 [1] NCCL INFO Channel 12/0 : 1[1] -> 2[2] via P2P/CUMEM
node076:257260:257644 [5] NCCL INFO Channel 00/0 : 5[5] -> 6[6] via P2P/CUMEM
node076:257279:257638 [2] NCCL INFO Channel 15/0 : 2[2] -> 3[3] via P2P/CUMEM
node076:257164:257640 [4] NCCL INFO Channel 08/0 : 4[4] -> 5[5] via P2P/CUMEM
node076:257269:257637 [0] NCCL INFO Channel 17/0 : 0[0] -> 1[1] via P2P/CUMEM
node076:257192:257642 [1] NCCL INFO Channel 13/0 : 1[1] -> 2[2] via P2P/CUMEM
node076:257260:257644 [5] NCCL INFO Channel 01/0 : 5[5] -> 6[6] via P2P/CUMEM
node076:257214:257639 [6] NCCL INFO Channel 08/0 : 6[6] -> 7[7] via P2P/CUMEM
node076:257279:257638 [2] NCCL INFO Channel 16/0 : 2[2] -> 3[3] via P2P/CUMEM
node076:257118:257643 [7] NCCL INFO Channel 03/0 : 7[7] -> 0[0] via P2P/CUMEM
node076:257214:257639 [6] NCCL INFO Channel 09/0 : 6[6] -> 7[7] via P2P/CUMEM
node076:257192:257642 [1] NCCL INFO Channel 14/0 : 1[1] -> 2[2] via P2P/CUMEM
node076:257269:257637 [0] NCCL INFO Channel 18/0 : 0[0] -> 1[1] via P2P/CUMEM
node076:257279:257638 [2] NCCL INFO Channel 17/0 : 2[2] -> 3[3] via P2P/CUMEM
node076:257260:257644 [5] NCCL INFO Channel 02/0 : 5[5] -> 6[6] via P2P/CUMEM
node076:257171:257641 [3] NCCL INFO Channel 05/0 : 3[3] -> 4[4] via P2P/CUMEM
node076:257192:257642 [1] NCCL INFO Channel 15/0 : 1[1] -> 2[2] via P2P/CUMEM
node076:257269:257637 [0] NCCL INFO Channel 19/0 : 0[0] -> 1[1] via P2P/CUMEM
node076:257164:257640 [4] NCCL INFO Channel 09/0 : 4[4] -> 5[5] via P2P/CUMEM
node076:257279:257638 [2] NCCL INFO Channel 18/0 : 2[2] -> 3[3] via P2P/CUMEM
node076:257118:257643 [7] NCCL INFO Channel 04/0 : 7[7] -> 0[0] via P2P/CUMEM
node076:257260:257644 [5] NCCL INFO Channel 03/0 : 5[5] -> 6[6] via P2P/CUMEM
node076:257260:257644 [5] NCCL INFO Channel 04/0 : 5[5] -> 6[6] via P2P/CUMEM
node076:257214:257639 [6] NCCL INFO Channel 10/0 : 6[6] -> 7[7] via P2P/CUMEM
node076:257164:257640 [4] NCCL INFO Channel 10/0 : 4[4] -> 5[5] via P2P/CUMEM
node076:257269:257637 [0] NCCL INFO Channel 20/0 : 0[0] -> 1[1] via P2P/CUMEM
node076:257279:257638 [2] NCCL INFO Channel 19/0 : 2[2] -> 3[3] via P2P/CUMEM
node076:257118:257643 [7] NCCL INFO Channel 05/0 : 7[7] -> 0[0] via P2P/CUMEM
node076:257192:257642 [1] NCCL INFO Channel 16/0 : 1[1] -> 2[2] via P2P/CUMEM
node076:257171:257641 [3] NCCL INFO Channel 06/0 : 3[3] -> 4[4] via P2P/CUMEM
node076:257171:257641 [3] NCCL INFO Channel 07/0 : 3[3] -> 4[4] via P2P/CUMEM
node076:257260:257644 [5] NCCL INFO Channel 05/0 : 5[5] -> 6[6] via P2P/CUMEM
node076:257269:257637 [0] NCCL INFO Channel 21/0 : 0[0] -> 1[1] via P2P/CUMEM
node076:257118:257643 [7] NCCL INFO Channel 06/0 : 7[7] -> 0[0] via P2P/CUMEM
node076:257192:257642 [1] NCCL INFO Channel 17/0 : 1[1] -> 2[2] via P2P/CUMEM
node076:257279:257638 [2] NCCL INFO Channel 20/0 : 2[2] -> 3[3] via P2P/CUMEM
node076:257164:257640 [4] NCCL INFO Channel 11/0 : 4[4] -> 5[5] via P2P/CUMEM
node076:257214:257639 [6] NCCL INFO Channel 11/0 : 6[6] -> 7[7] via P2P/CUMEM
node076:257214:257639 [6] NCCL INFO Channel 12/0 : 6[6] -> 7[7] via P2P/CUMEM
node076:257269:257637 [0] NCCL INFO Channel 22/0 : 0[0] -> 1[1] via P2P/CUMEM
node076:257279:257638 [2] NCCL INFO Channel 21/0 : 2[2] -> 3[3] via P2P/CUMEM
node076:257171:257641 [3] NCCL INFO Channel 08/0 : 3[3] -> 4[4] via P2P/CUMEM
node076:257164:257640 [4] NCCL INFO Channel 12/0 : 4[4] -> 5[5] via P2P/CUMEM
node076:257260:257644 [5] NCCL INFO Channel 06/0 : 5[5] -> 6[6] via P2P/CUMEM
node076:257214:257639 [6] NCCL INFO Channel 13/0 : 6[6] -> 7[7] via P2P/CUMEM
node076:257118:257643 [7] NCCL INFO Channel 07/0 : 7[7] -> 0[0] via P2P/CUMEM
node076:257192:257642 [1] NCCL INFO Channel 18/0 : 1[1] -> 2[2] via P2P/CUMEM
node076:257269:257637 [0] NCCL INFO Channel 23/0 : 0[0] -> 1[1] via P2P/CUMEM
node076:257164:257640 [4] NCCL INFO Channel 13/0 : 4[4] -> 5[5] via P2P/CUMEM
node076:257118:257643 [7] NCCL INFO Channel 08/0 : 7[7] -> 0[0] via P2P/CUMEM
node076:257171:257641 [3] NCCL INFO Channel 09/0 : 3[3] -> 4[4] via P2P/CUMEM
node076:257214:257639 [6] NCCL INFO Channel 14/0 : 6[6] -> 7[7] via P2P/CUMEM
node076:257260:257644 [5] NCCL INFO Channel 07/0 : 5[5] -> 6[6] via P2P/CUMEM
node076:257279:257638 [2] NCCL INFO Channel 22/0 : 2[2] -> 3[3] via P2P/CUMEM
node076:257279:257638 [2] NCCL INFO Channel 23/0 : 2[2] -> 3[3] via P2P/CUMEM
node076:257192:257642 [1] NCCL INFO Channel 19/0 : 1[1] -> 2[2] via P2P/CUMEM
node076:257164:257640 [4] NCCL INFO Channel 14/0 : 4[4] -> 5[5] via P2P/CUMEM
node076:257214:257639 [6] NCCL INFO Channel 15/0 : 6[6] -> 7[7] via P2P/CUMEM
node076:257260:257644 [5] NCCL INFO Channel 08/0 : 5[5] -> 6[6] via P2P/CUMEM
node076:257171:257641 [3] NCCL INFO Channel 10/0 : 3[3] -> 4[4] via P2P/CUMEM
node076:257118:257643 [7] NCCL INFO Channel 09/0 : 7[7] -> 0[0] via P2P/CUMEM
node076:257164:257640 [4] NCCL INFO Channel 15/0 : 4[4] -> 5[5] via P2P/CUMEM
node076:257214:257639 [6] NCCL INFO Channel 16/0 : 6[6] -> 7[7] via P2P/CUMEM
node076:257260:257644 [5] NCCL INFO Channel 09/0 : 5[5] -> 6[6] via P2P/CUMEM
node076:257260:257644 [5] NCCL INFO Channel 10/0 : 5[5] -> 6[6] via P2P/CUMEM
node076:257192:257642 [1] NCCL INFO Channel 20/0 : 1[1] -> 2[2] via P2P/CUMEM
node076:257164:257640 [4] NCCL INFO Channel 16/0 : 4[4] -> 5[5] via P2P/CUMEM
node076:257118:257643 [7] NCCL INFO Channel 10/0 : 7[7] -> 0[0] via P2P/CUMEM
node076:257214:257639 [6] NCCL INFO Channel 17/0 : 6[6] -> 7[7] via P2P/CUMEM
node076:257118:257643 [7] NCCL INFO Channel 11/0 : 7[7] -> 0[0] via P2P/CUMEM
node076:257171:257641 [3] NCCL INFO Channel 11/0 : 3[3] -> 4[4] via P2P/CUMEM
node076:257192:257642 [1] NCCL INFO Channel 21/0 : 1[1] -> 2[2] via P2P/CUMEM
node076:257192:257642 [1] NCCL INFO Channel 22/0 : 1[1] -> 2[2] via P2P/CUMEM
node076:257164:257640 [4] NCCL INFO Channel 17/0 : 4[4] -> 5[5] via P2P/CUMEM
node076:257118:257643 [7] NCCL INFO Channel 12/0 : 7[7] -> 0[0] via P2P/CUMEM
node076:257171:257641 [3] NCCL INFO Channel 12/0 : 3[3] -> 4[4] via P2P/CUMEM
node076:257214:257639 [6] NCCL INFO Channel 18/0 : 6[6] -> 7[7] via P2P/CUMEM
node076:257260:257644 [5] NCCL INFO Channel 11/0 : 5[5] -> 6[6] via P2P/CUMEM
node076:257118:257643 [7] NCCL INFO Channel 13/0 : 7[7] -> 0[0] via P2P/CUMEM
node076:257192:257642 [1] NCCL INFO Channel 23/0 : 1[1] -> 2[2] via P2P/CUMEM
node076:257164:257640 [4] NCCL INFO Channel 18/0 : 4[4] -> 5[5] via P2P/CUMEM
node076:257171:257641 [3] NCCL INFO Channel 13/0 : 3[3] -> 4[4] via P2P/CUMEM
node076:257260:257644 [5] NCCL INFO Channel 12/0 : 5[5] -> 6[6] via P2P/CUMEM
node076:257214:257639 [6] NCCL INFO Channel 19/0 : 6[6] -> 7[7] via P2P/CUMEM
node076:257118:257643 [7] NCCL INFO Channel 14/0 : 7[7] -> 0[0] via P2P/CUMEM
node076:257171:257641 [3] NCCL INFO Channel 14/0 : 3[3] -> 4[4] via P2P/CUMEM
node076:257214:257639 [6] NCCL INFO Channel 20/0 : 6[6] -> 7[7] via P2P/CUMEM
node076:257260:257644 [5] NCCL INFO Channel 13/0 : 5[5] -> 6[6] via P2P/CUMEM
node076:257164:257640 [4] NCCL INFO Channel 19/0 : 4[4] -> 5[5] via P2P/CUMEM
node076:257214:257639 [6] NCCL INFO Channel 21/0 : 6[6] -> 7[7] via P2P/CUMEM
node076:257118:257643 [7] NCCL INFO Channel 15/0 : 7[7] -> 0[0] via P2P/CUMEM
node076:257118:257643 [7] NCCL INFO Channel 16/0 : 7[7] -> 0[0] via P2P/CUMEM
node076:257171:257641 [3] NCCL INFO Channel 15/0 : 3[3] -> 4[4] via P2P/CUMEM
node076:257260:257644 [5] NCCL INFO Channel 14/0 : 5[5] -> 6[6] via P2P/CUMEM
node076:257164:257640 [4] NCCL INFO Channel 20/0 : 4[4] -> 5[5] via P2P/CUMEM
node076:257214:257639 [6] NCCL INFO Channel 22/0 : 6[6] -> 7[7] via P2P/CUMEM
node076:257164:257640 [4] NCCL INFO Channel 21/0 : 4[4] -> 5[5] via P2P/CUMEM
node076:257171:257641 [3] NCCL INFO Channel 16/0 : 3[3] -> 4[4] via P2P/CUMEM
node076:257118:257643 [7] NCCL INFO Channel 17/0 : 7[7] -> 0[0] via P2P/CUMEM
node076:257171:257641 [3] NCCL INFO Channel 17/0 : 3[3] -> 4[4] via P2P/CUMEM
node076:257164:257640 [4] NCCL INFO Channel 22/0 : 4[4] -> 5[5] via P2P/CUMEM
node076:257260:257644 [5] NCCL INFO Channel 15/0 : 5[5] -> 6[6] via P2P/CUMEM
node076:257214:257639 [6] NCCL INFO Channel 23/0 : 6[6] -> 7[7] via P2P/CUMEM
node076:257118:257643 [7] NCCL INFO Channel 18/0 : 7[7] -> 0[0] via P2P/CUMEM
node076:257171:257641 [3] NCCL INFO Channel 18/0 : 3[3] -> 4[4] via P2P/CUMEM
node076:257118:257643 [7] NCCL INFO Channel 19/0 : 7[7] -> 0[0] via P2P/CUMEM
node076:257260:257644 [5] NCCL INFO Channel 16/0 : 5[5] -> 6[6] via P2P/CUMEM
node076:257164:257640 [4] NCCL INFO Channel 23/0 : 4[4] -> 5[5] via P2P/CUMEM
node076:257171:257641 [3] NCCL INFO Channel 19/0 : 3[3] -> 4[4] via P2P/CUMEM
node076:257118:257643 [7] NCCL INFO Channel 20/0 : 7[7] -> 0[0] via P2P/CUMEM
node076:257260:257644 [5] NCCL INFO Channel 17/0 : 5[5] -> 6[6] via P2P/CUMEM
node076:257171:257641 [3] NCCL INFO Channel 20/0 : 3[3] -> 4[4] via P2P/CUMEM
node076:257118:257643 [7] NCCL INFO Channel 21/0 : 7[7] -> 0[0] via P2P/CUMEM
node076:257260:257644 [5] NCCL INFO Channel 18/0 : 5[5] -> 6[6] via P2P/CUMEM
node076:257171:257641 [3] NCCL INFO Channel 21/0 : 3[3] -> 4[4] via P2P/CUMEM
node076:257171:257641 [3] NCCL INFO Channel 22/0 : 3[3] -> 4[4] via P2P/CUMEM
node076:257118:257643 [7] NCCL INFO Channel 22/0 : 7[7] -> 0[0] via P2P/CUMEM
node076:257260:257644 [5] NCCL INFO Channel 19/0 : 5[5] -> 6[6] via P2P/CUMEM
node076:257118:257643 [7] NCCL INFO Channel 23/0 : 7[7] -> 0[0] via P2P/CUMEM
node076:257171:257641 [3] NCCL INFO Channel 23/0 : 3[3] -> 4[4] via P2P/CUMEM
node076:257260:257644 [5] NCCL INFO Channel 20/0 : 5[5] -> 6[6] via P2P/CUMEM
node076:257260:257644 [5] NCCL INFO Channel 21/0 : 5[5] -> 6[6] via P2P/CUMEM
node076:257260:257644 [5] NCCL INFO Channel 22/0 : 5[5] -> 6[6] via P2P/CUMEM
node076:257260:257644 [5] NCCL INFO Channel 23/0 : 5[5] -> 6[6] via P2P/CUMEM
node076:257279:257638 [2] NCCL INFO Connected all rings
node076:257192:257642 [1] NCCL INFO Connected all rings
node076:257269:257637 [0] NCCL INFO Connected all rings
node076:257171:257641 [3] NCCL INFO Connected all rings
node076:257164:257640 [4] NCCL INFO Connected all rings
node076:257118:257643 [7] NCCL INFO Connected all rings
node076:257260:257644 [5] NCCL INFO Connected all rings
node076:257214:257639 [6] NCCL INFO Connected all rings
:::MLLOG {"namespace": "", "time_ms": 1746045687360, "event_type": "POINT_IN_TIME", "key": "submission_benchmark", "value": "retinanet", "metadata": {"file": "/workspace/retinanet/train.py", "lineno": 352}}
:::MLLOG {"namespace": "", "time_ms": 1746045687361, "event_type": "POINT_IN_TIME", "key": "submission_org", "value": "Dell", "metadata": {"file": "/workspace/retinanet/train.py", "lineno": 352}}
:::MLLOG {"namespace": "", "time_ms": 1746045687361, "event_type": "POINT_IN_TIME", "key": "submission_division", "value": "closed", "metadata": {"file": "/workspace/retinanet/train.py", "lineno": 352}}
:::MLLOG {"namespace": "", "time_ms": 1746045687361, "event_type": "POINT_IN_TIME", "key": "submission_status", "value": "onprem", "metadata": {"file": "/workspace/retinanet/train.py", "lineno": 352}}
:::MLLOG {"namespace": "", "time_ms": 1746045687362, "event_type": "POINT_IN_TIME", "key": "submission_platform", "value": "1xXE9680x8H200-SXM-141GB", "metadata": {"file": "/workspace/retinanet/train.py", "lineno": 352}}
:::MLLOG {"namespace": "", "time_ms": 1746045687362, "event_type": "INTERVAL_START", "key": "init_start", "value": null, "metadata": {"file": "/workspace/retinanet/train.py", "lineno": 353}}
:::MLLOG {"namespace": "", "time_ms": 1746045687388, "event_type": "POINT_IN_TIME", "key": "seed", "value": 4273310980, "metadata": {"file": "/workspace/retinanet/train.py", "lineno": 368}}
:::MLLOG {"namespace": "", "time_ms": 1746045687388, "event_type": "POINT_IN_TIME", "key": "local_batch_size", "value": 32, "metadata": {"file": "/workspace/retinanet/train.py", "lineno": 371}}
:::MLLOG {"namespace": "", "time_ms": 1746045687388, "event_type": "POINT_IN_TIME", "key": "global_batch_size", "value": 256, "metadata": {"file": "/workspace/retinanet/train.py", "lineno": 372}}
:::MLLOG {"namespace": "", "time_ms": 1746045687389, "event_type": "POINT_IN_TIME", "key": "epoch_count", "value": 8, "metadata": {"file": "/workspace/retinanet/train.py", "lineno": 373}}
:::MLLOG {"namespace": "", "time_ms": 1746045687389, "event_type": "POINT_IN_TIME", "key": "first_epoch_num", "value": 0, "metadata": {"file": "/workspace/retinanet/train.py", "lineno": 374}}
